git init <repo>

cd <repo>

git status

Create <file>... with an editor

git status

To stage a file:
git add <file>...

git status

To unstage <file>...
git rm --cached <file>...

git commit -m 'Initial commit'
[master (root-commit) 6aa13ee] Initial commit

git status

Update <file>...

$ git status
On branch master
Changes not staged for commit:
  (use "git add <file>..." to update what will be committed)
  (use "git restore <file>..." to discard changes in working directory)
          modified:   get-tenant-json.py

$ git commit -a -m 'completed'
warning: LF will be replaced by CRLF in get-tenant-json.py.
The file will have its original line endings in your working directory
[master 404adad] completed
 1 file changed, 3 insertions(+)

$ git log
commit 404adad5a2d82ec05d35da6895326d430c0487ac (HEAD -> master)
Author: WrightRocket <wright.keith@gmail.com>
Date:   Sun Sep 13 16:00:02 2020 -0700

    completed

commit 6aa13ee42beac4a5a6ac229dd314225974c6e3a3
Author: WrightRocket <wright.keith@gmail.com>
Date:   Sun Sep 13 15:41:40 2020 -0700

    Initial commit


$ git diff 6aa13e 404ada
diff --git a/get-tenant-json.py b/get-tenant-json.py
index 2686952..ee09bc1 100644
--- a/get-tenant-json.py
+++ b/get-tenant-json.py
@@ -1,5 +1,6 @@
 import json
 import requests
+import pprint

 requests.packages.urllib3.disable_warnings()
 encoded_body = json.dumps({
@@ -14,4 +15,6 @@ resp = requests.post("https://sandboxapicdc.cisco.com/api/aaaLogin.json", data=e
 header = {"Cookie": "APIC-cookie=" + resp.cookies["APIC-cookie"]}
 tenants = requests.get("https://sandboxapicdc.cisco.com/api/node/class/fvTenant.json?rsp-subtree-include=health,faults", headers=header, verify=False)
 print(tenants.text)
+prettyt = json.loads(tenants.text)
+pprint.pp(prettyt)


$ git branch notes

wrigh@x751s MINGW64 ~/src/python/python001 (master)
$ git status
On branch master
nothing to commit, working tree clean

wrigh@x751s MINGW64 ~/src/python/python001 (master)
$ git branch
* master
  notes

wrigh@x751s MINGW64 ~/src/python/python001 (master)
$ git checkout notes
Switched to branch 'notes'


wrigh@x751s MINGW64 ~/src/python/python001 (notes)
$ cp /c/Users/wrigh/Dropbox/CIAT/DevNet/git-basics.txt .

wrigh@x751s MINGW64 ~/src/python/python001 (notes)
$ git status
On branch notes
Untracked files:
  (use "git add <file>..." to include in what will be committed)
        git-basics.txt

nothing added to commit but untracked files present (use "git add" to track)

wrigh@x751s MINGW64 ~/src/python/python001 (notes)
$ git add git-basics.txt

wrigh@x751s MINGW64 ~/src/python/python001 (notes)
$ git status
On branch notes
Changes to be committed:
  (use "git restore --staged <file>..." to unstage)
        new file:   git-basics.txt


wrigh@x751s MINGW64 ~/src/python/python001 (notes)
$ git commit -m 'GIT BASIC NOTES'
[notes 5154302] GIT BASIC NOTES
 1 file changed, 71 insertions(+)
 create mode 100644 git-basics.txt

Modified git-basics.txt

$ git commit git-basics.txt -m 'branching basics'
On branch notes
nothing to commit, working tree clean

wrigh@x751s MINGW64 ~/src/python/python001 (notes)


$ git checkout master
Switched to branch 'master'

wrigh@x751s MINGW64 ~/src/python/python001 (master)
$ git switch master
Already on 'master'

wrigh@x751s MINGW64 ~/src/python/python001 (master)
$ git status
On branch master
nothing to commit, working tree clean

wrigh@x751s MINGW64 ~/src/python/python001 (master)
$ git branch
* master
  notes

wrigh@x751s MINGW64 ~/src/python/python001 (master)
$ ls
get-tenant-json.py

wrigh@x751s MINGW64 ~/src/python/python001 (master)
$ get merge notes
bash: get: command not found

wrigh@x751s MINGW64 ~/src/python/python001 (master)
$ git merge notes
Updating 404adad..5154302
Fast-forward
 git-basics.txt | 71 ++++++++++++++++++++++++++++++++++++++++++++++++++++++++++
 1 file changed, 71 insertions(+)
 create mode 100644 git-basics.txt

wrigh@x751s MINGW64 ~/src/python/python001 (master)
$ ls
get-tenant-json.py  git-basics.txt


